Archive member included to satisfy reference by file (symbol)

d:/tools/arm-eabi-gcc-12/sysgcc/bin/../lib/gcc/arm-none-eabi/12.3.1/thumb/v7e-m/nofp\libgcc.a(_arm_mulsf3.o)
                              CMakeFiles/I2C_TEST.elf.dir/bsp/OLED.c.obj (__aeabi_fmul)
d:/tools/arm-eabi-gcc-12/sysgcc/bin/../lib/gcc/arm-none-eabi/12.3.1/thumb/v7e-m/nofp\libgcc.a(_arm_addsubsf3.o)
                              CMakeFiles/I2C_TEST.elf.dir/bsp/OLED.c.obj (__aeabi_fsub)
d:/tools/arm-eabi-gcc-12/sysgcc/bin/../lib/gcc/arm-none-eabi/12.3.1/thumb/v7e-m/nofp\libgcc.a(_arm_muldivsf3.o)
                              CMakeFiles/I2C_TEST.elf.dir/bsp/OLED.c.obj (__aeabi_fdiv)
d:/tools/arm-eabi-gcc-12/sysgcc/bin/../lib/gcc/arm-none-eabi/12.3.1/thumb/v7e-m/nofp\libgcc.a(_arm_fixunssfsi.o)
                              CMakeFiles/I2C_TEST.elf.dir/bsp/OLED.c.obj (__aeabi_f2uiz)
d:/tools/arm-eabi-gcc-12/sysgcc/bin/../lib/gcc/arm-none-eabi/12.3.1/thumb/v7e-m/nofp\libgcc.a(_aeabi_uldivmod.o)
                              CMakeFiles/I2C_TEST.elf.dir/Drivers/STM32F4xx_HAL_Driver/Src/stm32f4xx_hal_rcc.c.obj (__aeabi_uldivmod)
d:/tools/arm-eabi-gcc-12/sysgcc/bin/../lib/gcc/arm-none-eabi/12.3.1/thumb/v7e-m/nofp\libgcc.a(_udivmoddi4.o)
                              d:/tools/arm-eabi-gcc-12/sysgcc/bin/../lib/gcc/arm-none-eabi/12.3.1/thumb/v7e-m/nofp\libgcc.a(_aeabi_uldivmod.o) (__udivmoddi4)
d:/tools/arm-eabi-gcc-12/sysgcc/bin/../lib/gcc/arm-none-eabi/12.3.1/thumb/v7e-m/nofp\libgcc.a(_dvmd_tls.o)
                              d:/tools/arm-eabi-gcc-12/sysgcc/bin/../lib/gcc/arm-none-eabi/12.3.1/thumb/v7e-m/nofp\libgcc.a(_aeabi_uldivmod.o) (__aeabi_ldiv0)
d:/tools/arm-eabi-gcc-12/sysgcc/bin/../lib/gcc/arm-none-eabi/12.3.1/thumb/v7e-m/nofp\libg.a(libc_a-exit.o)
                              d:/tools/arm-eabi-gcc-12/sysgcc/bin/../lib/gcc/arm-none-eabi/12.3.1/thumb/v7e-m/nofp/crt0.o (exit)
d:/tools/arm-eabi-gcc-12/sysgcc/bin/../lib/gcc/arm-none-eabi/12.3.1/thumb/v7e-m/nofp\libg.a(libc_a-findfp.o)
                              d:/tools/arm-eabi-gcc-12/sysgcc/bin/../lib/gcc/arm-none-eabi/12.3.1/thumb/v7e-m/nofp\libg.a(libc_a-exit.o) (__stdio_exit_handler)
d:/tools/arm-eabi-gcc-12/sysgcc/bin/../lib/gcc/arm-none-eabi/12.3.1/thumb/v7e-m/nofp\libg.a(libc_a-fwalk.o)
                              d:/tools/arm-eabi-gcc-12/sysgcc/bin/../lib/gcc/arm-none-eabi/12.3.1/thumb/v7e-m/nofp\libg.a(libc_a-findfp.o) (_fwalk_sglue)
d:/tools/arm-eabi-gcc-12/sysgcc/bin/../lib/gcc/arm-none-eabi/12.3.1/thumb/v7e-m/nofp\libg.a(libc_a-stdio.o)
                              d:/tools/arm-eabi-gcc-12/sysgcc/bin/../lib/gcc/arm-none-eabi/12.3.1/thumb/v7e-m/nofp\libg.a(libc_a-findfp.o) (__sread)
d:/tools/arm-eabi-gcc-12/sysgcc/bin/../lib/gcc/arm-none-eabi/12.3.1/thumb/v7e-m/nofp\libg.a(libc_a-vsprintf.o)
                              CMakeFiles/I2C_TEST.elf.dir/bsp/OLED.c.obj (vsprintf)
d:/tools/arm-eabi-gcc-12/sysgcc/bin/../lib/gcc/arm-none-eabi/12.3.1/thumb/v7e-m/nofp\libg.a(libc_a-memset.o)
                              d:/tools/arm-eabi-gcc-12/sysgcc/bin/../lib/gcc/arm-none-eabi/12.3.1/thumb/v7e-m/nofp/crt0.o (memset)
d:/tools/arm-eabi-gcc-12/sysgcc/bin/../lib/gcc/arm-none-eabi/12.3.1/thumb/v7e-m/nofp\libg.a(libc_a-closer.o)
                              d:/tools/arm-eabi-gcc-12/sysgcc/bin/../lib/gcc/arm-none-eabi/12.3.1/thumb/v7e-m/nofp\libg.a(libc_a-stdio.o) (_close_r)
d:/tools/arm-eabi-gcc-12/sysgcc/bin/../lib/gcc/arm-none-eabi/12.3.1/thumb/v7e-m/nofp\libg.a(libc_a-reent.o)
                              d:/tools/arm-eabi-gcc-12/sysgcc/bin/../lib/gcc/arm-none-eabi/12.3.1/thumb/v7e-m/nofp\libg.a(libc_a-closer.o) (errno)
d:/tools/arm-eabi-gcc-12/sysgcc/bin/../lib/gcc/arm-none-eabi/12.3.1/thumb/v7e-m/nofp\libg.a(libc_a-impure.o)
                              d:/tools/arm-eabi-gcc-12/sysgcc/bin/../lib/gcc/arm-none-eabi/12.3.1/thumb/v7e-m/nofp\libg.a(libc_a-vsprintf.o) (_impure_ptr)
d:/tools/arm-eabi-gcc-12/sysgcc/bin/../lib/gcc/arm-none-eabi/12.3.1/thumb/v7e-m/nofp\libg.a(libc_a-lseekr.o)
                              d:/tools/arm-eabi-gcc-12/sysgcc/bin/../lib/gcc/arm-none-eabi/12.3.1/thumb/v7e-m/nofp\libg.a(libc_a-stdio.o) (_lseek_r)
d:/tools/arm-eabi-gcc-12/sysgcc/bin/../lib/gcc/arm-none-eabi/12.3.1/thumb/v7e-m/nofp\libg.a(libc_a-readr.o)
                              d:/tools/arm-eabi-gcc-12/sysgcc/bin/../lib/gcc/arm-none-eabi/12.3.1/thumb/v7e-m/nofp\libg.a(libc_a-stdio.o) (_read_r)
d:/tools/arm-eabi-gcc-12/sysgcc/bin/../lib/gcc/arm-none-eabi/12.3.1/thumb/v7e-m/nofp\libg.a(libc_a-writer.o)
                              d:/tools/arm-eabi-gcc-12/sysgcc/bin/../lib/gcc/arm-none-eabi/12.3.1/thumb/v7e-m/nofp\libg.a(libc_a-stdio.o) (_write_r)
d:/tools/arm-eabi-gcc-12/sysgcc/bin/../lib/gcc/arm-none-eabi/12.3.1/thumb/v7e-m/nofp\libg.a(libc_a-errno.o)
                              CMakeFiles/I2C_TEST.elf.dir/Src/syscalls.c.obj (__errno)
d:/tools/arm-eabi-gcc-12/sysgcc/bin/../lib/gcc/arm-none-eabi/12.3.1/thumb/v7e-m/nofp\libg.a(libc_a-init.o)
[...]
Memory Configuration

Name             Origin             Length             Attributes
CCMRAM           0x10000000         0x00010000         xrw
RAM              0x20000000         0x00020000         xrw
FLASH            0x08000000         0x00100000         xr
*default*        0x00000000         0xffffffff

Linker script and memory map

LOAD d:/tools/arm-eabi-gcc-12/sysgcc/bin/../lib/gcc/arm-none-eabi/12.3.1/thumb/v7e-m/nofp/crti.o
LOAD d:/tools/arm-eabi-gcc-12/sysgcc/bin/../lib/gcc/arm-none-eabi/12.3.1/thumb/v7e-m/nofp/crtbegin.o
LOAD d:/tools/arm-eabi-gcc-12/sysgcc/bin/../lib/gcc/arm-none-eabi/12.3.1/thumb/v7e-m/nofp/crt0.o
LOAD CMakeFiles/I2C_TEST.elf.dir/Drivers/STM32F4xx_HAL_Driver/Src/stm32f4xx_hal.c.obj
LOAD CMakeFiles/I2C_TEST.elf.dir/Drivers/STM32F4xx_HAL_Driver/Src/stm32f4xx_hal_cortex.c.obj
LOAD CMakeFiles/I2C_TEST.elf.dir/Drivers/STM32F4xx_HAL_Driver/Src/stm32f4xx_hal_dma.c.obj
LOAD CMakeFiles/I2C_TEST.elf.dir/Drivers/STM32F4xx_HAL_Driver/Src/stm32f4xx_hal_dma_ex.c.obj
LOAD CMakeFiles/I2C_TEST.elf.dir/Drivers/STM32F4xx_HAL_Driver/Src/stm32f4xx_hal_exti.c.obj
LOAD CMakeFiles/I2C_TEST.elf.dir/Drivers/STM32F4xx_HAL_Driver/Src/stm32f4xx_hal_flash.c.obj
LOAD CMakeFiles/I2C_TEST.elf.dir/Drivers/STM32F4xx_HAL_Driver/Src/stm32f4xx_hal_flash_ex.c.obj
LOAD CMakeFiles/I2C_TEST.elf.dir/Drivers/STM32F4xx_HAL_Driver/Src/stm32f4xx_hal_flash_ramfunc.c.obj
LOAD CMakeFiles/I2C_TEST.elf.dir/Drivers/STM32F4xx_HAL_Driver/Src/stm32f4xx_hal_gpio.c.obj
LOAD CMakeFiles/I2C_TEST.elf.dir/Drivers/STM32F4xx_HAL_Driver/Src/stm32f4xx_hal_i2c.c.obj
LOAD CMakeFiles/I2C_TEST.elf.dir/Drivers/STM32F4xx_HAL_Driver/Src/stm32f4xx_hal_i2c_ex.c.obj
LOAD CMakeFiles/I2C_TEST.elf.dir/Drivers/STM32F4xx_HAL_Driver/Src/stm32f4xx_hal_pwr.c.obj
LOAD CMakeFiles/I2C_TEST.elf.dir/Drivers/STM32F4xx_HAL_Driver/Src/stm32f4xx_hal_pwr_ex.c.obj
LOAD CMakeFiles/I2C_TEST.elf.dir/Drivers/STM32F4xx_HAL_Driver/Src/stm32f4xx_hal_rcc.c.obj
LOAD CMakeFiles/I2C_TEST.elf.dir/Drivers/STM32F4xx_HAL_Driver/Src/stm32f4xx_hal_rcc_ex.c.obj
LOAD CMakeFiles/I2C_TEST.elf.dir/Drivers/STM32F4xx_HAL_Driver/Src/stm32f4xx_hal_tim.c.obj
LOAD CMakeFiles/I2C_TEST.elf.dir/Drivers/STM32F4xx_HAL_Driver/Src/stm32f4xx_hal_tim_ex.c.obj
LOAD CMakeFiles/I2C_TEST.elf.dir/Src/gpio.c.obj
LOAD CMakeFiles/I2C_TEST.elf.dir/Src/i2c.c.obj
LOAD CMakeFiles/I2C_TEST.elf.dir/Src/main.c.obj
LOAD CMakeFiles/I2C_TEST.elf.dir/Src/stm32f4xx_hal_msp.c.obj
LOAD CMakeFiles/I2C_TEST.elf.dir/Src/stm32f4xx_it.c.obj
LOAD CMakeFiles/I2C_TEST.elf.dir/Src/syscalls.c.obj
LOAD CMakeFiles/I2C_TEST.elf.dir/Src/sysmem.c.obj
LOAD CMakeFiles/I2C_TEST.elf.dir/Src/system_stm32f4xx.c.obj
LOAD CMakeFiles/I2C_TEST.elf.dir/Startup/startup_stm32f407ighx.s.obj
LOAD CMakeFiles/I2C_TEST.elf.dir/bsp/OLED.c.obj
START GROUP
LOAD d:/tools/arm-eabi-gcc-12/sysgcc/bin/../lib/gcc/arm-none-eabi/12.3.1/thumb/v7e-m/nofp\libgcc.a
LOAD d:/tools/arm-eabi-gcc-12/sysgcc/bin/../lib/gcc/arm-none-eabi/12.3.1/thumb/v7e-m/nofp\libg.a
LOAD d:/tools/arm-eabi-gcc-12/sysgcc/bin/../lib/gcc/arm-none-eabi/12.3.1/thumb/v7e-m/nofp\libc.a
END GROUP
LOAD d:/tools/arm-eabi-gcc-12/sysgcc/bin/../lib/gcc/arm-none-eabi/12.3.1/thumb/v7e-m/nofp/crtend.o
LOAD d:/tools/arm-eabi-gcc-12/sysgcc/bin/../lib/gcc/arm-none-eabi/12.3.1/thumb/v7e-m/nofp/crtn.o
                0x20020000                        _estack = (ORIGIN (RAM) + LENGTH (RAM))
                0x00000200                        _Min_Heap_Size = 0x200
                0x00000400                        _Min_Stack_Size = 0x400

.isr_vector     0x08000000      0x188
                0x08000000                        . = ALIGN (0x4)
 *(.isr_vector)
 .isr_vector    0x08000000      0x188 CMakeFiles/I2C_TEST.elf.dir/Startup/startup_stm32f407ighx.s.obj
                0x08000000                g_pfnVectors
                0x08000188                        . = ALIGN (0x4)

.text           0x08000188     0x1b14
                0x08000188                        . = ALIGN (0x4)
 *(.text)
 .text          0x08000188       0x30 d:/tools/arm-eabi-gcc-12/sysgcc/bin/../lib/gcc/arm-none-eabi/12.3.1/thumb/v7e-m/nofp\libgcc.a(_aeabi_uldivmod.o)
                0x08000188                __aeabi_uldivmod
 .text          0x080001b8        0x4 d:/tools/arm-eabi-gcc-12/sysgcc/bin/../lib/gcc/arm-none-eabi/12.3.1/thumb/v7e-m/nofp\libgcc.a(_dvmd_tls.o)
                0x080001b8                __aeabi_idiv0
                0x080001b8                __aeabi_ldiv0
 *(.text*)
 .text.deregister_tm_clones
                0x080001bc       0x1c d:/tools/arm-eabi-gcc-12/sysgcc/bin/../lib/gcc/arm-none-eabi/12.3.1/thumb/v7e-m/nofp/crtbegin.o
 .text.register_tm_clones
                0x080001d8       0x24 d:/tools/arm-eabi-gcc-12/sysgcc/bin/../lib/gcc/arm-none-eabi/12.3.1/thumb/v7e-m/nofp/crtbegin.o
 .text.__do_global_dtors_aux
                0x080001fc       0x28 d:/tools/arm-eabi-gcc-12/sysgcc/bin/../lib/gcc/arm-none-eabi/12.3.1/thumb/v7e-m/nofp/crtbegin.o
 .text.frame_dummy
                0x08000224       0x24 d:/tools/arm-eabi-gcc-12/sysgcc/bin/../lib/gcc/arm-none-eabi/12.3.1/thumb/v7e-m/nofp/crtbegin.o
 .text.HAL_InitTick
                0x08000248       0x4c CMakeFiles/I2C_TEST.elf.dir/Drivers/STM32F4xx_HAL_Driver/Src/stm32f4xx_hal.c.obj
                0x08000248                HAL_InitTick
 .text.HAL_Init
                0x08000294       0x34 CMakeFiles/I2C_TEST.elf.dir/Drivers/STM32F4xx_HAL_Driver/Src/stm32f4xx_hal.c.obj
                0x08000294                HAL_Init
 .text.HAL_IncTick
                0x080002c8       0x18 CMakeFiles/I2C_TEST.elf.dir/Drivers/STM32F4xx_HAL_Driver/Src/stm32f4xx_hal.c.obj
                0x080002c8                HAL_IncTick
 .text.HAL_GetTick
                0x080002e0        0xc CMakeFiles/I2C_TEST.elf.dir/Drivers/STM32F4xx_HAL_Driver/Src/stm32f4xx_hal.c.obj
                0x080002e0                HAL_GetTick
 .text.HAL_Delay
                0x080002ec       0x28 CMakeFiles/I2C_TEST.elf.dir/Drivers/STM32F4xx_HAL_Driver/Src/stm32f4xx_hal.c.obj
                0x080002ec                HAL_Delay
 .text.__NVIC_SetPriority
                0x08000314       0x28 CMakeFiles/I2C_TEST.elf.dir/Drivers/STM32F4xx_HAL_Driver/Src/stm32f4xx_hal_cortex.c.obj
 .text.NVIC_EncodePriority
                0x0800033c       0x3e CMakeFiles/I2C_TEST.elf.dir/Drivers/STM32F4xx_HAL_Driver/Src/stm32f4xx_hal_cortex.c.obj
 *fill*         0x0800037a        0x2 
 .text.HAL_NVIC_SetPriorityGrouping
                0x0800037c       0x24 CMakeFiles/I2C_TEST.elf.dir/Drivers/STM32F4xx_HAL_Driver/Src/stm32f4xx_hal_cortex.c.obj
                0x0800037c                HAL_NVIC_SetPriorityGrouping
 .text.HAL_NVIC_SetPriority
                0x080003a0       0x20 CMakeFiles/I2C_TEST.elf.dir/Drivers/STM32F4xx_HAL_Driver/Src/stm32f4xx_hal_cortex.c.obj
                0x080003a0                HAL_NVIC_SetPriority
 .text.HAL_SYSTICK_Config
                0x080003c0       0x28 CMakeFiles/I2C_TEST.elf.dir/Drivers/STM32F4xx_HAL_Driver/Src/stm32f4xx_hal_cortex.c.obj
                0x080003c0                HAL_SYSTICK_Config
 .text.HAL_GPIO_Init
                0x080003e8      0x1f4 CMakeFiles/I2C_TEST.elf.dir/Drivers/STM32F4xx_HAL_Driver/Src/stm32f4xx_hal_gpio.c.obj
                0x080003e8                HAL_GPIO_Init
 .text.HAL_GPIO_WritePin
                0x080005dc        0xc CMakeFiles/I2C_TEST.elf.dir/Drivers/STM32F4xx_HAL_Driver/Src/stm32f4xx_hal_gpio.c.obj
                0x080005dc                HAL_GPIO_WritePin
 .text.I2C_IsAcknowledgeFailed
                0x080005e8       0x32 CMakeFiles/I2C_TEST.elf.dir/Drivers/STM32F4xx_HAL_Driver/Src/stm32f4xx_hal_i2c.c.obj
 .text.I2C_WaitOnFlagUntilTimeout
                0x0800061a       0xaa CMakeFiles/I2C_TEST.elf.dir/Drivers/STM32F4xx_HAL_Driver/Src/stm32f4xx_hal_i2c.c.obj
 .text.I2C_WaitOnMasterAddressFlagUntilTimeout
                0x080006c4       0xd6 CMakeFiles/I2C_TEST.elf.dir/Drivers/STM32F4xx_HAL_Driver/Src/stm32f4xx_hal_i2c.c.obj
 *fill*         0x0800079a        0x2 
 .text.I2C_MasterRequestWrite
                0x0800079c       0xb4 CMakeFiles/I2C_TEST.elf.dir/Drivers/STM32F4xx_HAL_Driver/Src/stm32f4xx_hal_i2c.c.obj
 .text.I2C_WaitOnTXEFlagUntilTimeout
                0x08000850       0x5e CMakeFiles/I2C_TEST.elf.dir/Drivers/STM32F4xx_HAL_Driver/Src/stm32f4xx_hal_i2c.c.obj
 .text.I2C_WaitOnBTFFlagUntilTimeout
                0x080008ae       0x5e CMakeFiles/I2C_TEST.elf.dir/Drivers/STM32F4xx_HAL_Driver/Src/stm32f4xx_hal_i2c.c.obj
 .text.HAL_I2C_Init
                0x0800090c      0x1bc CMakeFiles/I2C_TEST.elf.dir/Drivers/STM32F4xx_HAL_Driver/Src/stm32f4xx_hal_i2c.c.obj
                0x0800090c                HAL_I2C_Init
 .text.HAL_I2C_Master_Transmit
                0x08000ac8      0x178 CMakeFiles/I2C_TEST.elf.dir/Drivers/STM32F4xx_HAL_Driver/Src/stm32f4xx_hal_i2c.c.obj
                0x08000ac8                HAL_I2C_Master_Transmit
 .text.HAL_RCC_OscConfig
                0x08000c40      0x3f8 CMakeFiles/I2C_TEST.elf.dir/Drivers/STM32F4xx_HAL_Driver/Src/stm32f4xx_hal_rcc.c.obj
                0x08000c40                HAL_RCC_OscConfig
 .text.HAL_RCC_GetSysClockFreq
                0x08001038       0xa8 CMakeFiles/I2C_TEST.elf.dir/Drivers/STM32F4xx_HAL_Driver/Src/stm32f4xx_hal_rcc.c.obj
                0x08001038                HAL_RCC_GetSysClockFreq
 .text.HAL_RCC_ClockConfig
                0x080010e0      0x160 CMakeFiles/I2C_TEST.elf.dir/Drivers/STM32F4xx_HAL_Driver/Src/stm32f4xx_hal_rcc.c.obj
                0x080010e0                HAL_RCC_ClockConfig
 .text.HAL_RCC_GetHCLKFreq
                0x08001240        0xc CMakeFiles/I2C_TEST.elf.dir/Drivers/STM32F4xx_HAL_Driver/Src/stm32f4xx_hal_rcc.c.obj
                0x08001240                HAL_RCC_GetHCLKFreq
 .text.HAL_RCC_GetPCLK1Freq
                0x0800124c       0x20 CMakeFiles/I2C_TEST.elf.dir/Drivers/STM32F4xx_HAL_Driver/Src/stm32f4xx_hal_rcc.c.obj
                0x0800124c                HAL_RCC_GetPCLK1Freq
 .text.MX_GPIO_Init
                0x0800126c       0x80 CMakeFiles/I2C_TEST.elf.dir/Src/gpio.c.obj
                0x0800126c                MX_GPIO_Init
 .text.MX_I2C2_Init
                0x080012ec       0x3c CMakeFiles/I2C_TEST.elf.dir/Src/i2c.c.obj
                0x080012ec                MX_I2C2_Init
 .text.HAL_I2C_MspInit
                0x08001328       0x70 CMakeFiles/I2C_TEST.elf.dir/Src/i2c.c.obj
                0x08001328                HAL_I2C_MspInit
 .text.Error_Handler
                0x08001398        0x4 CMakeFiles/I2C_TEST.elf.dir/Src/main.c.obj
                0x08001398                Error_Handler
 .text.SystemClock_Config
                0x0800139c       0xa8 CMakeFiles/I2C_TEST.elf.dir/Src/main.c.obj
                0x0800139c                SystemClock_Config
 .text.main     0x08001444       0x50 CMakeFiles/I2C_TEST.elf.dir/Src/main.c.obj
                0x08001444                main
 .text.HAL_MspInit
                0x08001494       0x38 CMakeFiles/I2C_TEST.elf.dir/Src/stm32f4xx_hal_msp.c.obj
                0x08001494                HAL_MspInit
 .text.NMI_Handler
                0x080014cc        0x2 CMakeFiles/I2C_TEST.elf.dir/Src/stm32f4xx_it.c.obj
                0x080014cc                NMI_Handler
 .text.HardFault_Handler
                0x080014ce        0x2 CMakeFiles/I2C_TEST.elf.dir/Src/stm32f4xx_it.c.obj
                0x080014ce                HardFault_Handler
 .text.MemManage_Handler
                0x080014d0        0x2 CMakeFiles/I2C_TEST.elf.dir/Src/stm32f4xx_it.c.obj
                0x080014d0                MemManage_Handler
 .text.BusFault_Handler
                0x080014d2        0x2 CMakeFiles/I2C_TEST.elf.dir/Src/stm32f4xx_it.c.obj
                0x080014d2                BusFault_Handler
 .text.UsageFault_Handler
                0x080014d4        0x2 CMakeFiles/I2C_TEST.elf.dir/Src/stm32f4xx_it.c.obj
                0x080014d4                UsageFault_Handler
 .text.SVC_Handler
                0x080014d6        0x2 CMakeFiles/I2C_TEST.elf.dir/Src/stm32f4xx_it.c.obj
                0x080014d6                SVC_Handler
 .text.DebugMon_Handler
                0x080014d8        0x2 CMakeFiles/I2C_TEST.elf.dir/Src/stm32f4xx_it.c.obj
                0x080014d8                DebugMon_Handler
 .text.PendSV_Handler
                0x080014da        0x2 CMakeFiles/I2C_TEST.elf.dir/Src/stm32f4xx_it.c.obj
                0x080014da                PendSV_Handler
 .text.SysTick_Handler
                0x080014dc        0x8 CMakeFiles/I2C_TEST.elf.dir/Src/stm32f4xx_it.c.obj
                0x080014dc                SysTick_Handler
 .text.SystemInit
                0x080014e4        0x2 CMakeFiles/I2C_TEST.elf.dir/Src/system_stm32f4xx.c.obj
                0x080014e4                SystemInit
 *fill*         0x080014e6        0x2 
 .text.Reset_Handler
                0x080014e8       0x50 CMakeFiles/I2C_TEST.elf.dir/Startup/startup_stm32f407ighx.s.obj
                0x080014e8                Reset_Handler
 .text.Default_Handler
                0x08001538        0x2 CMakeFiles/I2C_TEST.elf.dir/Startup/startup_stm32f407ighx.s.obj
                0x08001538                RTC_Alarm_IRQHandler
                0x08001538                HASH_RNG_IRQHandler
                0x08001538                EXTI2_IRQHandler
                0x08001538                TIM8_CC_IRQHandler
                0x08001538                TIM1_CC_IRQHandler
                0x08001538                DMA2_Stream5_IRQHandler
                0x08001538                DMA1_Stream5_IRQHandler
                0x08001538                PVD_IRQHandler
                0x08001538                SDIO_IRQHandler
                0x08001538                TAMP_STAMP_IRQHandler
                0x08001538                CAN2_RX1_IRQHandler
                0x08001538                EXTI3_IRQHandler
                0x08001538                TIM8_TRG_COM_TIM14_IRQHandler
                0x08001538                TIM1_UP_TIM10_IRQHandler
                0x08001538                TIM8_UP_TIM13_IRQHandler
                0x08001538                I2C3_ER_IRQHandler
                0x08001538                EXTI0_IRQHandler
                0x08001538                I2C2_EV_IRQHandler
                0x08001538                DMA1_Stream2_IRQHandler
                0x08001538                CAN1_RX0_IRQHandler
                0x08001538                FPU_IRQHandler
                0x08001538                OTG_HS_WKUP_IRQHandler
                0x08001538                CAN2_SCE_IRQHandler
                0x08001538                DMA2_Stream2_IRQHandler
                0x08001538                SPI1_IRQHandler
                0x08001538                TIM6_DAC_IRQHandler
                0x08001538                TIM1_BRK_TIM9_IRQHandler
                0x08001538                DCMI_IRQHandler
                0x08001538                CAN2_RX0_IRQHandler
                0x08001538                DMA2_Stream3_IRQHandler
                0x08001538                USART6_IRQHandler
                0x08001538                USART3_IRQHandler
                0x08001538                CAN1_RX1_IRQHandler
                0x08001538                UART5_IRQHandler
                0x08001538                DMA2_Stream0_IRQHandler
                0x08001538                TIM4_IRQHandler
                0x08001538                I2C1_EV_IRQHandler
                0x08001538                DMA1_Stream6_IRQHandler
                0x08001538                DMA1_Stream1_IRQHandler
                0x08001538                UART4_IRQHandler
                0x08001538                TIM3_IRQHandler
                0x08001538                RCC_IRQHandler
                0x08001538                TIM8_BRK_TIM12_IRQHandler
                0x08001538                Default_Handler
                0x08001538                EXTI15_10_IRQHandler
                0x08001538                ADC_IRQHandler
                0x08001538                DMA1_Stream7_IRQHandler
                0x08001538                TIM7_IRQHandler
                0x08001538                CAN2_TX_IRQHandler
                0x08001538                TIM5_IRQHandler
                0x08001538                DMA2_Stream7_IRQHandler
                0x08001538                I2C3_EV_IRQHandler
                0x08001538                EXTI9_5_IRQHandler
                0x08001538                RTC_WKUP_IRQHandler
                0x08001538                ETH_WKUP_IRQHandler
                0x08001538                SPI2_IRQHandler
                0x08001538                OTG_HS_EP1_IN_IRQHandler
                0x08001538                DMA1_Stream0_IRQHandler
                0x08001538                CAN1_TX_IRQHandler
                0x08001538                EXTI4_IRQHandler
                0x08001538                FSMC_IRQHandler
                0x08001538                ETH_IRQHandler
                0x08001538                OTG_HS_EP1_OUT_IRQHandler
                0x08001538                WWDG_IRQHandler
                0x08001538                TIM2_IRQHandler
                0x08001538                OTG_FS_WKUP_IRQHandler
                0x08001538                TIM1_TRG_COM_TIM11_IRQHandler
                0x08001538                OTG_HS_IRQHandler
                0x08001538                EXTI1_IRQHandler
                0x08001538                USART2_IRQHandler
                0x08001538                I2C2_ER_IRQHandler
                0x08001538                DMA2_Stream1_IRQHandler
                0x08001538                CAN1_SCE_IRQHandler
                0x08001538                FLASH_IRQHandler
                0x08001538                DMA2_Stream4_IRQHandler
                0x08001538                USART1_IRQHandler
                0x08001538                OTG_FS_IRQHandler
                0x08001538                SPI3_IRQHandler
                0x08001538                DMA1_Stream4_IRQHandler
                0x08001538                I2C1_ER_IRQHandler
                0x08001538                DMA2_Stream6_IRQHandler
                0x08001538                DMA1_Stream3_IRQHandler
 *fill*         0x0800153a        0x2 
 .text.oled_write_byte
                0x0800153c       0x34 CMakeFiles/I2C_TEST.elf.dir/bsp/OLED.c.obj
                0x0800153c                oled_write_byte
 .text.OLED_init
                0x08001570       0xe4 CMakeFiles/I2C_TEST.elf.dir/bsp/OLED.c.obj
                0x08001570                OLED_init
 .text.OLED_operate_gram
                0x08001654       0x5c CMakeFiles/I2C_TEST.elf.dir/bsp/OLED.c.obj
                0x08001654                OLED_operate_gram
 .text.OLED_set_pos
                0x080016b0       0x28 CMakeFiles/I2C_TEST.elf.dir/bsp/OLED.c.obj
                0x080016b0                OLED_set_pos
 .text.OLED_draw_point
                0x080016d8       0x80 CMakeFiles/I2C_TEST.elf.dir/bsp/OLED.c.obj
                0x080016d8                OLED_draw_point
 .text.OLED_refresh_gram
                0x08001758       0x38 CMakeFiles/I2C_TEST.elf.dir/bsp/OLED.c.obj
                0x08001758                OLED_refresh_gram
 .text.OLED_LOGO
                0x08001790       0x74 CMakeFiles/I2C_TEST.elf.dir/bsp/OLED.c.obj
                0x08001790                OLED_LOGO
 .text.__udivmoddi4
                0x08001804      0x2bc d:/tools/arm-eabi-gcc-12/sysgcc/bin/../lib/gcc/arm-none-eabi/12.3.1/thumb/v7e-m/nofp\libgcc.a(_udivmoddi4.o)
                0x08001804                __udivmoddi4
 .text.memset   0x08001ac0       0xa4 d:/tools/arm-eabi-gcc-12/sysgcc/bin/../lib/gcc/arm-none-eabi/12.3.1/thumb/v7e-m/nofp\libg.a(libc_a-memset.o)
                0x08001ac0                memset
 .text.__libc_init_array
                0x08001b64       0x50 d:/tools/arm-eabi-gcc-12/sysgcc/bin/../lib/gcc/arm-none-eabi/12.3.1/thumb/v7e-m/nofp\libg.a(libc_a-init.o)
                0x08001b64                __libc_init_array
 .text.__retarget_lock_acquire_recursive
                0x08001bb4        0x4 d:/tools/arm-eabi-gcc-12/sysgcc/bin/../lib/gcc/arm-none-eabi/12.3.1/thumb/v7e-m/nofp\libg.a(libc_a-lock.o)
                0x08001bb4                __retarget_lock_acquire_recursive
 .text.__retarget_lock_release_recursive
                0x08001bb8        0x4 d:/tools/arm-eabi-gcc-12/sysgcc/bin/../lib/gcc/arm-none-eabi/12.3.1/thumb/v7e-m/nofp\libg.a(libc_a-lock.o)
                0x08001bb8                __retarget_lock_release_recursive
 .text.startup.register_fini
                0x08001bbc       0x14 d:/tools/arm-eabi-gcc-12/sysgcc/bin/../lib/gcc/arm-none-eabi/12.3.1/thumb/v7e-m/nofp\libg.a(libc_a-__call_atexit.o)
 .text.atexit   0x08001bd0        0xc d:/tools/arm-eabi-gcc-12/sysgcc/bin/../lib/gcc/arm-none-eabi/12.3.1/thumb/v7e-m/nofp\libg.a(libc_a-atexit.o)
                0x08001bd0                atexit
 .text.__libc_fini_array
                0x08001bdc       0x28 d:/tools/arm-eabi-gcc-12/sysgcc/bin/../lib/gcc/arm-none-eabi/12.3.1/thumb/v7e-m/nofp\libg.a(libc_a-fini.o)
                0x08001bdc                __libc_fini_array
 .text.__register_exitproc
                0x08001c04       0x80 d:/tools/arm-eabi-gcc-12/sysgcc/bin/../lib/gcc/arm-none-eabi/12.3.1/thumb/v7e-m/nofp\libg.a(libc_a-__atexit.o)
                0x08001c04                __register_exitproc
 *(.glue_7)
 .glue_7        0x08001c84        0x0 linker stubs
 *(.glue_7t)
 .glue_7t       0x08001c84        0x0 linker stubs
 *(.eh_frame)
 .eh_frame      0x08001c84        0x0 d:/tools/arm-eabi-gcc-12/sysgcc/bin/../lib/gcc/arm-none-eabi/12.3.1/thumb/v7e-m/nofp/crtbegin.o
 *(.init)
 .init          0x08001c84        0x4 d:/tools/arm-eabi-gcc-12/sysgcc/bin/../lib/gcc/arm-none-eabi/12.3.1/thumb/v7e-m/nofp/crti.o
                0x08001c84                _init
 .init          0x08001c88        0x8 d:/tools/arm-eabi-gcc-12/sysgcc/bin/../lib/gcc/arm-none-eabi/12.3.1/thumb/v7e-m/nofp/crtn.o
 *(.fini)
 .fini          0x08001c90        0x4 d:/tools/arm-eabi-gcc-12/sysgcc/bin/../lib/gcc/arm-none-eabi/12.3.1/thumb/v7e-m/nofp/crti.o
                0x08001c90                _fini
 .fini          0x08001c94        0x8 d:/tools/arm-eabi-gcc-12/sysgcc/bin/../lib/gcc/arm-none-eabi/12.3.1/thumb/v7e-m/nofp/crtn.o
                0x08001c9c                        . = ALIGN (0x4)
                0x08001c9c                        _etext = .

.vfp11_veneer   0x08001c9c        0x0
 .vfp11_veneer  0x08001c9c        0x0 linker stubs

.v4_bx          0x08001c9c        0x0
 .v4_bx         0x08001c9c        0x0 linker stubs

.iplt           0x08001c9c        0x0
 .iplt          0x08001c9c        0x0 d:/tools/arm-eabi-gcc-12/sysgcc/bin/../lib/gcc/arm-none-eabi/12.3.1/thumb/v7e-m/nofp/crtbegin.o

.rodata         0x08001c9c      0x418
                0x08001c9c                        . = ALIGN (0x4)
 *(.rodata)
 *(.rodata*)
 .rodata.APBPrescTable
                0x08001c9c        0x8 CMakeFiles/I2C_TEST.elf.dir/Src/system_stm32f4xx.c.obj
                0x08001c9c                APBPrescTable
 .rodata.AHBPrescTable
                0x08001ca4       0x10 CMakeFiles/I2C_TEST.elf.dir/Src/system_stm32f4xx.c.obj
                0x08001ca4                AHBPrescTable
 .rodata.LOGO_BMP
                0x08001cb4      0x400 CMakeFiles/I2C_TEST.elf.dir/bsp/OLED.c.obj
                0x08001cb4                LOGO_BMP
                0x080020b4                        . = ALIGN (0x4)

.ARM.extab      0x080020b4        0x0
                0x080020b4                        . = ALIGN (0x4)
 *(.ARM.extab* .gnu.linkonce.armextab.*)
                0x080020b4                        . = ALIGN (0x4)

.ARM            0x080020b4        0x8
                0x080020b4                        . = ALIGN (0x4)
                0x080020b4                        __exidx_start = .
 *(.ARM.exidx*)
 .ARM.exidx.text.__udivmoddi4
                0x080020b4        0x8 d:/tools/arm-eabi-gcc-12/sysgcc/bin/../lib/gcc/arm-none-eabi/12.3.1/thumb/v7e-m/nofp\libgcc.a(_udivmoddi4.o)
                0x080020bc                        __exidx_end = .
                0x080020bc                        . = ALIGN (0x4)

.preinit_array  0x080020bc        0x0
                0x080020bc                        . = ALIGN (0x4)
                0x080020bc                        PROVIDE (__preinit_array_start = .)
 *(.preinit_array*)
                0x080020bc                        PROVIDE (__preinit_array_end = .)
                0x080020bc                        . = ALIGN (0x4)

.init_array     0x080020bc        0x8
                0x080020bc                        . = ALIGN (0x4)
                0x080020bc                        PROVIDE (__init_array_start = .)
 *(SORT_BY_NAME(.init_array.*))
 .init_array.00000
                0x080020bc        0x4 d:/tools/arm-eabi-gcc-12/sysgcc/bin/../lib/gcc/arm-none-eabi/12.3.1/thumb/v7e-m/nofp\libg.a(libc_a-__call_atexit.o)
 *(.init_array*)
 .init_array    0x080020c0        0x4 d:/tools/arm-eabi-gcc-12/sysgcc/bin/../lib/gcc/arm-none-eabi/12.3.1/thumb/v7e-m/nofp/crtbegin.o
                0x080020c4                        PROVIDE (__init_array_end = .)
                0x080020c4                        . = ALIGN (0x4)

.fini_array     0x080020c4        0x4
                0x080020c4                        . = ALIGN (0x4)
                0x080020c4                        PROVIDE (__fini_array_start = .)
 *(SORT_BY_NAME(.fini_array.*))
 *(.fini_array*)
 .fini_array    0x080020c4        0x4 d:/tools/arm-eabi-gcc-12/sysgcc/bin/../lib/gcc/arm-none-eabi/12.3.1/thumb/v7e-m/nofp/crtbegin.o
                0x080020c8                        PROVIDE (__fini_array_end = .)
                0x080020c8                        . = ALIGN (0x4)
                0x080020c8                        _sidata = LOADADDR (.data)

.rel.dyn        0x080020c8        0x0
 .rel.iplt      0x080020c8        0x0 d:/tools/arm-eabi-gcc-12/sysgcc/bin/../lib/gcc/arm-none-eabi/12.3.1/thumb/v7e-m/nofp/crtbegin.o

.data           0x20000000       0x10 load address 0x080020c8
                0x20000000                        . = ALIGN (0x4)
                0x20000000                        _sdata = .
 *(.data)
 *(.data*)
 .data.uwTickFreq
                0x20000000        0x1 CMakeFiles/I2C_TEST.elf.dir/Drivers/STM32F4xx_HAL_Driver/Src/stm32f4xx_hal.c.obj
                0x20000000                uwTickFreq
 *fill*         0x20000001        0x3 
 .data.uwTickPrio
                0x20000004        0x4 CMakeFiles/I2C_TEST.elf.dir/Drivers/STM32F4xx_HAL_Driver/Src/stm32f4xx_hal.c.obj
                0x20000004                uwTickPrio
 .data.SystemCoreClock
                0x20000008        0x4 CMakeFiles/I2C_TEST.elf.dir/Src/system_stm32f4xx.c.obj
                0x20000008                SystemCoreClock
 .data.__atexit_recursive_mutex
                0x2000000c        0x4 d:/tools/arm-eabi-gcc-12/sysgcc/bin/../lib/gcc/arm-none-eabi/12.3.1/thumb/v7e-m/nofp\libg.a(libc_a-__call_atexit.o)
                0x2000000c                __atexit_recursive_mutex
 *(.RamFunc)
 *(.RamFunc*)
                0x20000010                        . = ALIGN (0x4)
                0x20000010                        _edata = .
                0x080020d8                        _siccmram = LOADADDR (.ccmram)

.tm_clone_table
                0x20000010        0x0 load address 0x080020d8
 .tm_clone_table
                0x20000010        0x0 d:/tools/arm-eabi-gcc-12/sysgcc/bin/../lib/gcc/arm-none-eabi/12.3.1/thumb/v7e-m/nofp/crtbegin.o
 .tm_clone_table
                0x20000010        0x0 d:/tools/arm-eabi-gcc-12/sysgcc/bin/../lib/gcc/arm-none-eabi/12.3.1/thumb/v7e-m/nofp/crtend.o

.igot.plt       0x20000010        0x0 load address 0x080020d8
 .igot.plt      0x20000010        0x0 d:/tools/arm-eabi-gcc-12/sysgcc/bin/../lib/gcc/arm-none-eabi/12.3.1/thumb/v7e-m/nofp/crtbegin.o

.ccmram         0x10000000        0x0 load address 0x080020d8
                0x10000000                        . = ALIGN (0x4)
                0x10000000                        _sccmram = .
 *(.ccmram)
 *(.ccmram*)
                0x10000000                        . = ALIGN (0x4)
                0x10000000                        _eccmram = .
                0x10000000                        . = ALIGN (0x4)

.bss            0x20000010      0x610
                0x20000010                        _sbss = .
                0x20000010                        __bss_start__ = _sbss
 *(.bss)
 *(.bss*)
 .bss.completed.1
                0x20000010        0x1 d:/tools/arm-eabi-gcc-12/sysgcc/bin/../lib/gcc/arm-none-eabi/12.3.1/thumb/v7e-m/nofp/crtbegin.o
 *fill*         0x20000011        0x3 
 .bss.object.0  0x20000014       0x18 d:/tools/arm-eabi-gcc-12/sysgcc/bin/../lib/gcc/arm-none-eabi/12.3.1/thumb/v7e-m/nofp/crtbegin.o
 .bss.uwTick    0x2000002c        0x4 CMakeFiles/I2C_TEST.elf.dir/Drivers/STM32F4xx_HAL_Driver/Src/stm32f4xx_hal.c.obj
                0x2000002c                uwTick
 .bss.hi2c2     0x20000030       0x54 CMakeFiles/I2C_TEST.elf.dir/Src/i2c.c.obj
                0x20000030                hi2c2
 .bss.cmd_data.2
                0x20000084        0x2 CMakeFiles/I2C_TEST.elf.dir/bsp/OLED.c.obj
 *fill*         0x20000086        0x2 
 .bss.OLED_GRAM
                0x20000088      0x400 CMakeFiles/I2C_TEST.elf.dir/bsp/OLED.c.obj
 .bss.__lock___atexit_recursive_mutex
                0x20000488        0x1 d:/tools/arm-eabi-gcc-12/sysgcc/bin/../lib/gcc/arm-none-eabi/12.3.1/thumb/v7e-m/nofp\libg.a(libc_a-lock.o)
                0x20000488                __lock___atexit_recursive_mutex
 *fill*         0x20000489        0x3 
 .bss.__atexit  0x2000048c        0x4 d:/tools/arm-eabi-gcc-12/sysgcc/bin/../lib/gcc/arm-none-eabi/12.3.1/thumb/v7e-m/nofp\libg.a(libc_a-__call_atexit.o)
                0x2000048c                __atexit
 .bss.__atexit0
                0x20000490      0x190 d:/tools/arm-eabi-gcc-12/sysgcc/bin/../lib/gcc/arm-none-eabi/12.3.1/thumb/v7e-m/nofp\libg.a(libc_a-__atexit.o)
                0x20000490                __atexit0
 *(COMMON)
                0x20000620                        . = ALIGN (0x4)
                0x20000620                        _ebss = .
                0x20000620                        __bss_end__ = _ebss

._user_heap_stack
                0x20000620      0x600
                0x20000620                        . = ALIGN (0x8)
                [!provide]                        PROVIDE (end = .)
                0x20000620                        PROVIDE (_end = .)
                0x20000820                        . = (. + _Min_Heap_Size)
 *fill*         0x20000620      0x200 
                0x20000c20                        . = (. + _Min_Stack_Size)
 *fill*         0x20000820      0x400 
                0x20000c20                        . = ALIGN (0x8)

/DISCARD/
 libc.a(*)
 libm.a(*)
 libgcc.a(*)

.ARM.attributes
                0x00000000       0x2a
 *(.ARM.attributes)
 .ARM.attributes
                0x00000000       0x1e d:/tools/arm-eabi-gcc-12/sysgcc/bin/../lib/gcc/arm-none-eabi/12.3.1/thumb/v7e-m/nofp/crti.o
 .ARM.attributes
                0x0000001e       0x2e d:/tools/arm-eabi-gcc-12/sysgcc/bin/../lib/gcc/arm-none-eabi/12.3.1/thumb/v7e-m/nofp/crtbegin.o
 .ARM.attributes
                0x0000004c       0x2e CMakeFiles/I2C_TEST.elf.dir/Drivers/STM32F4xx_HAL_Driver/Src/stm32f4xx_hal.c.obj
 .ARM.attributes
                0x0000007a       0x2e CMakeFiles/I2C_TEST.elf.dir/Drivers/STM32F4xx_HAL_Driver/Src/stm32f4xx_hal_cortex.c.obj
 .ARM.attributes
                0x000000a8       0x2e CMakeFiles/I2C_TEST.elf.dir/Drivers/STM32F4xx_HAL_Driver/Src/stm32f4xx_hal_gpio.c.obj
 .ARM.attributes
                0x000000d6       0x2e CMakeFiles/I2C_TEST.elf.dir/Drivers/STM32F4xx_HAL_Driver/Src/stm32f4xx_hal_i2c.c.obj
 .ARM.attributes
                0x00000104       0x2e CMakeFiles/I2C_TEST.elf.dir/Drivers/STM32F4xx_HAL_Driver/Src/stm32f4xx_hal_rcc.c.obj
 .ARM.attributes
                0x00000132       0x2e CMakeFiles/I2C_TEST.elf.dir/Src/gpio.c.obj
 .ARM.attributes
                0x00000160       0x2e CMakeFiles/I2C_TEST.elf.dir/Src/i2c.c.obj
 .ARM.attributes
                0x0000018e       0x2e CMakeFiles/I2C_TEST.elf.dir/Src/main.c.obj
 .ARM.attributes
                0x000001bc       0x2e CMakeFiles/I2C_TEST.elf.dir/Src/stm32f4xx_hal_msp.c.obj
 .ARM.attributes
                0x000001ea       0x2e CMakeFiles/I2C_TEST.elf.dir/Src/stm32f4xx_it.c.obj
 .ARM.attributes
                0x00000218       0x2e CMakeFiles/I2C_TEST.elf.dir/Src/system_stm32f4xx.c.obj
 .ARM.attributes
                0x00000246       0x21 CMakeFiles/I2C_TEST.elf.dir/Startup/startup_stm32f407ighx.s.obj
 .ARM.attributes
                0x00000267       0x2e CMakeFiles/I2C_TEST.elf.dir/bsp/OLED.c.obj
 .ARM.attributes
                0x00000295       0x1e d:/tools/arm-eabi-gcc-12/sysgcc/bin/../lib/gcc/arm-none-eabi/12.3.1/thumb/v7e-m/nofp\libgcc.a(_aeabi_uldivmod.o)
 .ARM.attributes
                0x000002b3       0x2e d:/tools/arm-eabi-gcc-12/sysgcc/bin/../lib/gcc/arm-none-eabi/12.3.1/thumb/v7e-m/nofp\libgcc.a(_udivmoddi4.o)
 .ARM.attributes
                0x000002e1       0x1e d:/tools/arm-eabi-gcc-12/sysgcc/bin/../lib/gcc/arm-none-eabi/12.3.1/thumb/v7e-m/nofp\libgcc.a(_dvmd_tls.o)
 .ARM.attributes
                0x000002ff       0x2e d:/tools/arm-eabi-gcc-12/sysgcc/bin/../lib/gcc/arm-none-eabi/12.3.1/thumb/v7e-m/nofp\libg.a(libc_a-memset.o)
 .ARM.attributes
                0x0000032d       0x2e d:/tools/arm-eabi-gcc-12/sysgcc/bin/../lib/gcc/arm-none-eabi/12.3.1/thumb/v7e-m/nofp\libg.a(libc_a-init.o)
 .ARM.attributes
                0x0000035b       0x2e d:/tools/arm-eabi-gcc-12/sysgcc/bin/../lib/gcc/arm-none-eabi/12.3.1/thumb/v7e-m/nofp\libg.a(libc_a-lock.o)
 .ARM.attributes
                0x00000389       0x2e d:/tools/arm-eabi-gcc-12/sysgcc/bin/../lib/gcc/arm-none-eabi/12.3.1/thumb/v7e-m/nofp\libg.a(libc_a-__call_atexit.o)
 .ARM.attributes
                0x000003b7       0x2e d:/tools/arm-eabi-gcc-12/sysgcc/bin/../lib/gcc/arm-none-eabi/12.3.1/thumb/v7e-m/nofp\libg.a(libc_a-atexit.o)
 .ARM.attributes
                0x000003e5       0x2e d:/tools/arm-eabi-gcc-12/sysgcc/bin/../lib/gcc/arm-none-eabi/12.3.1/thumb/v7e-m/nofp\libg.a(libc_a-fini.o)
 .ARM.attributes
                0x00000413       0x2e d:/tools/arm-eabi-gcc-12/sysgcc/bin/../lib/gcc/arm-none-eabi/12.3.1/thumb/v7e-m/nofp\libg.a(libc_a-__atexit.o)
 .ARM.attributes
                0x00000441       0x2e d:/tools/arm-eabi-gcc-12/sysgcc/bin/../lib/gcc/arm-none-eabi/12.3.1/thumb/v7e-m/nofp/crtend.o
 .ARM.attributes
                0x0000046f       0x1e d:/tools/arm-eabi-gcc-12/sysgcc/bin/../lib/gcc/arm-none-eabi/12.3.1/thumb/v7e-m/nofp/crtn.o
OUTPUT(I2C_TEST.elf elf32-littlearm)
LOAD linker stubs
LOAD d:/tools/arm-eabi-gcc-12/sysgcc/bin/../lib/gcc/arm-none-eabi/12.3.1/thumb/v7e-m/nofp\libc.a
LOAD d:/tools/arm-eabi-gcc-12/sysgcc/bin/../lib/gcc/arm-none-eabi/12.3.1/thumb/v7e-m/nofp\libm.a
LOAD d:/tools/arm-eabi-gcc-12/sysgcc/bin/../lib/gcc/arm-none-eabi/12.3.1/thumb/v7e-m/nofp\libgcc.a

.debug_info     0x00000000     0x907d
 .debug_info    0x00000000      0x9e2 CMakeFiles/I2C_TEST.elf.dir/Drivers/STM32F4xx_HAL_Driver/Src/stm32f4xx_hal.c.obj
 .debug_info    0x000009e2      0xfbb CMakeFiles/I2C_TEST.elf.dir/Drivers/STM32F4xx_HAL_Driver/Src/stm32f4xx_hal_cortex.c.obj
 .debug_info    0x0000199d      0x704 CMakeFiles/I2C_TEST.elf.dir/Drivers/STM32F4xx_HAL_Driver/Src/stm32f4xx_hal_gpio.c.obj
 .debug_info    0x000020a1     0x37bd CMakeFiles/I2C_TEST.elf.dir/Drivers/STM32F4xx_HAL_Driver/Src/stm32f4xx_hal_i2c.c.obj
 .debug_info    0x0000585e      0xa6d CMakeFiles/I2C_TEST.elf.dir/Drivers/STM32F4xx_HAL_Driver/Src/stm32f4xx_hal_rcc.c.obj
 .debug_info    0x000062cb      0x424 CMakeFiles/I2C_TEST.elf.dir/Src/gpio.c.obj
 .debug_info    0x000066ef      0x9da CMakeFiles/I2C_TEST.elf.dir/Src/i2c.c.obj
 .debug_info    0x000070c9      0x6d8 CMakeFiles/I2C_TEST.elf.dir/Src/main.c.obj
 .debug_info    0x000077a1      0x265 CMakeFiles/I2C_TEST.elf.dir/Src/stm32f4xx_hal_msp.c.obj
 .debug_info    0x00007a06      0x11c CMakeFiles/I2C_TEST.elf.dir/Src/stm32f4xx_it.c.obj
 .debug_info    0x00007b22      0x334 CMakeFiles/I2C_TEST.elf.dir/Src/system_stm32f4xx.c.obj
 .debug_info    0x00007e56       0x30 CMakeFiles/I2C_TEST.elf.dir/Startup/startup_stm32f407ighx.s.obj
 .debug_info    0x00007e86     0x11f7 CMakeFiles/I2C_TEST.elf.dir/bsp/OLED.c.obj

.debug_abbrev   0x00000000     0x182a
 .debug_abbrev  0x00000000      0x240 CMakeFiles/I2C_TEST.elf.dir/Drivers/STM32F4xx_HAL_Driver/Src/stm32f4xx_hal.c.obj
 .debug_abbrev  0x00000240      0x391 CMakeFiles/I2C_TEST.elf.dir/Drivers/STM32F4xx_HAL_Driver/Src/stm32f4xx_hal_cortex.c.obj
 .debug_abbrev  0x000005d1      0x202 CMakeFiles/I2C_TEST.elf.dir/Drivers/STM32F4xx_HAL_Driver/Src/stm32f4xx_hal_gpio.c.obj
 .debug_abbrev  0x000007d3      0x2c3 CMakeFiles/I2C_TEST.elf.dir/Drivers/STM32F4xx_HAL_Driver/Src/stm32f4xx_hal_i2c.c.obj
 .debug_abbrev  0x00000a96      0x2c7 CMakeFiles/I2C_TEST.elf.dir/Drivers/STM32F4xx_HAL_Driver/Src/stm32f4xx_hal_rcc.c.obj
 .debug_abbrev  0x00000d5d      0x164 CMakeFiles/I2C_TEST.elf.dir/Src/gpio.c.obj
 .debug_abbrev  0x00000ec1      0x20f CMakeFiles/I2C_TEST.elf.dir/Src/i2c.c.obj
 .debug_abbrev  0x000010d0      0x20a CMakeFiles/I2C_TEST.elf.dir/Src/main.c.obj
 .debug_abbrev  0x000012da       0xd6 CMakeFiles/I2C_TEST.elf.dir/Src/stm32f4xx_hal_msp.c.obj
 .debug_abbrev  0x000013b0       0x7c CMakeFiles/I2C_TEST.elf.dir/Src/stm32f4xx_it.c.obj
 .debug_abbrev  0x0000142c      0x120 CMakeFiles/I2C_TEST.elf.dir/Src/system_stm32f4xx.c.obj
 .debug_abbrev  0x0000154c       0x24 CMakeFiles/I2C_TEST.elf.dir/Startup/startup_stm32f407ighx.s.obj
 .debug_abbrev  0x00001570      0x2ba CMakeFiles/I2C_TEST.elf.dir/bsp/OLED.c.obj

.debug_loclists
                0x00000000     0x3f4e
 .debug_loclists
                0x00000000       0xc9 CMakeFiles/I2C_TEST.elf.dir/Drivers/STM32F4xx_HAL_Driver/Src/stm32f4xx_hal.c.obj
 .debug_loclists
                0x000000c9      0x439 CMakeFiles/I2C_TEST.elf.dir/Drivers/STM32F4xx_HAL_Driver/Src/stm32f4xx_hal_cortex.c.obj
 .debug_loclists
                0x00000502      0x356 CMakeFiles/I2C_TEST.elf.dir/Drivers/STM32F4xx_HAL_Driver/Src/stm32f4xx_hal_gpio.c.obj
 .debug_loclists
                0x00000858     0x2b74 CMakeFiles/I2C_TEST.elf.dir/Drivers/STM32F4xx_HAL_Driver/Src/stm32f4xx_hal_i2c.c.obj
 .debug_loclists
                0x000033cc      0x3a9 CMakeFiles/I2C_TEST.elf.dir/Drivers/STM32F4xx_HAL_Driver/Src/stm32f4xx_hal_rcc.c.obj
 .debug_loclists
                0x00003775       0x4b CMakeFiles/I2C_TEST.elf.dir/Src/i2c.c.obj
 .debug_loclists
                0x000037c0       0xdb CMakeFiles/I2C_TEST.elf.dir/Src/system_stm32f4xx.c.obj
 .debug_loclists
                0x0000389b      0x6b3 CMakeFiles/I2C_TEST.elf.dir/bsp/OLED.c.obj

.debug_aranges  0x00000000      0x740
 .debug_aranges
                0x00000000       0xf0 CMakeFiles/I2C_TEST.elf.dir/Drivers/STM32F4xx_HAL_Driver/Src/stm32f4xx_hal.c.obj
 .debug_aranges
                0x000000f0       0xf8 CMakeFiles/I2C_TEST.elf.dir/Drivers/STM32F4xx_HAL_Driver/Src/stm32f4xx_hal_cortex.c.obj
 .debug_aranges
                0x000001e8       0x58 CMakeFiles/I2C_TEST.elf.dir/Drivers/STM32F4xx_HAL_Driver/Src/stm32f4xx_hal_gpio.c.obj
 .debug_aranges
                0x00000240      0x2a8 CMakeFiles/I2C_TEST.elf.dir/Drivers/STM32F4xx_HAL_Driver/Src/stm32f4xx_hal_i2c.c.obj
 .debug_aranges
                0x000004e8       0x88 CMakeFiles/I2C_TEST.elf.dir/Drivers/STM32F4xx_HAL_Driver/Src/stm32f4xx_hal_rcc.c.obj
 .debug_aranges
                0x00000570       0x20 CMakeFiles/I2C_TEST.elf.dir/Src/gpio.c.obj
 .debug_aranges
                0x00000590       0x30 CMakeFiles/I2C_TEST.elf.dir/Src/i2c.c.obj
 .debug_aranges
                0x000005c0       0x30 CMakeFiles/I2C_TEST.elf.dir/Src/main.c.obj
 .debug_aranges
                0x000005f0       0x20 CMakeFiles/I2C_TEST.elf.dir/Src/stm32f4xx_hal_msp.c.obj
 .debug_aranges
                0x00000610       0x60 CMakeFiles/I2C_TEST.elf.dir/Src/stm32f4xx_it.c.obj
 .debug_aranges
                0x00000670       0x28 CMakeFiles/I2C_TEST.elf.dir/Src/system_stm32f4xx.c.obj
 .debug_aranges
                0x00000698       0x28 CMakeFiles/I2C_TEST.elf.dir/Startup/startup_stm32f407ighx.s.obj
 .debug_aranges
                0x000006c0       0x80 CMakeFiles/I2C_TEST.elf.dir/bsp/OLED.c.obj

.debug_rnglists
                0x00000000      0x589
 .debug_rnglists
                0x00000000       0xaf CMakeFiles/I2C_TEST.elf.dir/Drivers/STM32F4xx_HAL_Driver/Src/stm32f4xx_hal.c.obj
 .debug_rnglists
                0x000000af       0xb5 CMakeFiles/I2C_TEST.elf.dir/Drivers/STM32F4xx_HAL_Driver/Src/stm32f4xx_hal_cortex.c.obj
 .debug_rnglists
                0x00000164       0x3f CMakeFiles/I2C_TEST.elf.dir/Drivers/STM32F4xx_HAL_Driver/Src/stm32f4xx_hal_gpio.c.obj
 .debug_rnglists
                0x000001a3      0x236 CMakeFiles/I2C_TEST.elf.dir/Drivers/STM32F4xx_HAL_Driver/Src/stm32f4xx_hal_i2c.c.obj
 .debug_rnglists
                0x000003d9       0x75 CMakeFiles/I2C_TEST.elf.dir/Drivers/STM32F4xx_HAL_Driver/Src/stm32f4xx_hal_rcc.c.obj
 .debug_rnglists
                0x0000044e       0x14 CMakeFiles/I2C_TEST.elf.dir/Src/gpio.c.obj
 .debug_rnglists
                0x00000462       0x1f CMakeFiles/I2C_TEST.elf.dir/Src/i2c.c.obj
 .debug_rnglists
                0x00000481       0x20 CMakeFiles/I2C_TEST.elf.dir/Src/main.c.obj
 .debug_rnglists
                0x000004a1       0x13 CMakeFiles/I2C_TEST.elf.dir/Src/stm32f4xx_hal_msp.c.obj
 .debug_rnglists
                0x000004b4       0x43 CMakeFiles/I2C_TEST.elf.dir/Src/stm32f4xx_it.c.obj
 .debug_rnglists
                0x000004f7       0x1a CMakeFiles/I2C_TEST.elf.dir/Src/system_stm32f4xx.c.obj
 .debug_rnglists
                0x00000511       0x19 CMakeFiles/I2C_TEST.elf.dir/Startup/startup_stm32f407ighx.s.obj
 .debug_rnglists
                0x0000052a       0x5f CMakeFiles/I2C_TEST.elf.dir/bsp/OLED.c.obj

.debug_line     0x00000000     0x8cb8
 .debug_line    0x00000000      0x5cd CMakeFiles/I2C_TEST.elf.dir/Drivers/STM32F4xx_HAL_Driver/Src/stm32f4xx_hal.c.obj
 .debug_line    0x000005cd      0x8ba CMakeFiles/I2C_TEST.elf.dir/Drivers/STM32F4xx_HAL_Driver/Src/stm32f4xx_hal_cortex.c.obj
 .debug_line    0x00000e87      0x702 CMakeFiles/I2C_TEST.elf.dir/Drivers/STM32F4xx_HAL_Driver/Src/stm32f4xx_hal_gpio.c.obj
 .debug_line    0x00001589     0x54ec CMakeFiles/I2C_TEST.elf.dir/Drivers/STM32F4xx_HAL_Driver/Src/stm32f4xx_hal_i2c.c.obj
 .debug_line    0x00006a75      0xb80 CMakeFiles/I2C_TEST.elf.dir/Drivers/STM32F4xx_HAL_Driver/Src/stm32f4xx_hal_rcc.c.obj
 .debug_line    0x000075f5      0x1f1 CMakeFiles/I2C_TEST.elf.dir/Src/gpio.c.obj
 .debug_line    0x000077e6      0x325 CMakeFiles/I2C_TEST.elf.dir/Src/i2c.c.obj
 .debug_line    0x00007b0b      0x3e8 CMakeFiles/I2C_TEST.elf.dir/Src/main.c.obj
 .debug_line    0x00007ef3      0x174 CMakeFiles/I2C_TEST.elf.dir/Src/stm32f4xx_hal_msp.c.obj
 .debug_line    0x00008067      0x1b8 CMakeFiles/I2C_TEST.elf.dir/Src/stm32f4xx_it.c.obj
 .debug_line    0x0000821f      0x23c CMakeFiles/I2C_TEST.elf.dir/Src/system_stm32f4xx.c.obj
 .debug_line    0x0000845b       0x7a CMakeFiles/I2C_TEST.elf.dir/Startup/startup_stm32f407ighx.s.obj
 .debug_line    0x000084d5      0x7e3 CMakeFiles/I2C_TEST.elf.dir/bsp/OLED.c.obj

.debug_str      0x00000000     0x27fa
 .debug_str     0x00000000      0xb31 CMakeFiles/I2C_TEST.elf.dir/Drivers/STM32F4xx_HAL_Driver/Src/stm32f4xx_hal.c.obj
                                0xb8a (size before relaxing)
 .debug_str     0x00000b31      0x50f CMakeFiles/I2C_TEST.elf.dir/Drivers/STM32F4xx_HAL_Driver/Src/stm32f4xx_hal_cortex.c.obj
                                0xc9b (size before relaxing)
 .debug_str     0x00001040      0x1f7 CMakeFiles/I2C_TEST.elf.dir/Drivers/STM32F4xx_HAL_Driver/Src/stm32f4xx_hal_gpio.c.obj
                                0x506 (size before relaxing)
 .debug_str     0x00001237      0xde3 CMakeFiles/I2C_TEST.elf.dir/Drivers/STM32F4xx_HAL_Driver/Src/stm32f4xx_hal_i2c.c.obj
                               0x1063 (size before relaxing)
 .debug_str     0x0000201a      0x320 CMakeFiles/I2C_TEST.elf.dir/Drivers/STM32F4xx_HAL_Driver/Src/stm32f4xx_hal_rcc.c.obj
                                0x72c (size before relaxing)
 .debug_str     0x0000233a       0x3a CMakeFiles/I2C_TEST.elf.dir/Src/gpio.c.obj
                                0x39b (size before relaxing)
 .debug_str     0x00002374       0x57 CMakeFiles/I2C_TEST.elf.dir/Src/i2c.c.obj
                                0x8cb (size before relaxing)
 .debug_str     0x000023cb       0x78 CMakeFiles/I2C_TEST.elf.dir/Src/main.c.obj
                                0x55c (size before relaxing)
 .debug_str     0x00002443       0x3a CMakeFiles/I2C_TEST.elf.dir/Src/stm32f4xx_hal_msp.c.obj
                                0x2dc (size before relaxing)
 .debug_str     0x0000247d       0xc5 CMakeFiles/I2C_TEST.elf.dir/Src/stm32f4xx_it.c.obj
                                0x250 (size before relaxing)
 .debug_str     0x00002542       0x64 CMakeFiles/I2C_TEST.elf.dir/Src/system_stm32f4xx.c.obj
                                0x342 (size before relaxing)
 .debug_str     0x000025a6       0x5e CMakeFiles/I2C_TEST.elf.dir/Startup/startup_stm32f407ighx.s.obj
                                 0x92 (size before relaxing)
 .debug_str     0x00002604      0x1f6 CMakeFiles/I2C_TEST.elf.dir/bsp/OLED.c.obj
                                0x8fd (size before relaxing)

.comment        0x00000000       0x45
 .comment       0x00000000       0x45 CMakeFiles/I2C_TEST.elf.dir/Drivers/STM32F4xx_HAL_Driver/Src/stm32f4xx_hal.c.obj
                                 0x46 (size before relaxing)
 .comment       0x00000045       0x46 CMakeFiles/I2C_TEST.elf.dir/Drivers/STM32F4xx_HAL_Driver/Src/stm32f4xx_hal_cortex.c.obj
 .comment       0x00000045       0x46 CMakeFiles/I2C_TEST.elf.dir/Drivers/STM32F4xx_HAL_Driver/Src/stm32f4xx_hal_gpio.c.obj
 .comment       0x00000045       0x46 CMakeFiles/I2C_TEST.elf.dir/Drivers/STM32F4xx_HAL_Driver/Src/stm32f4xx_hal_i2c.c.obj
 .comment       0x00000045       0x46 CMakeFiles/I2C_TEST.elf.dir/Drivers/STM32F4xx_HAL_Driver/Src/stm32f4xx_hal_rcc.c.obj
 .comment       0x00000045       0x46 CMakeFiles/I2C_TEST.elf.dir/Src/gpio.c.obj
 .comment       0x00000045       0x46 CMakeFiles/I2C_TEST.elf.dir/Src/i2c.c.obj
 .comment       0x00000045       0x46 CMakeFiles/I2C_TEST.elf.dir/Src/main.c.obj
 .comment       0x00000045       0x46 CMakeFiles/I2C_TEST.elf.dir/Src/stm32f4xx_hal_msp.c.obj
 .comment       0x00000045       0x46 CMakeFiles/I2C_TEST.elf.dir/Src/stm32f4xx_it.c.obj
 .comment       0x00000045       0x46 CMakeFiles/I2C_TEST.elf.dir/Src/system_stm32f4xx.c.obj
 .comment       0x00000045       0x46 CMakeFiles/I2C_TEST.elf.dir/bsp/OLED.c.obj

.debug_frame    0x00000000     0x158c
 .debug_frame   0x00000000      0x1ec CMakeFiles/I2C_TEST.elf.dir/Drivers/STM32F4xx_HAL_Driver/Src/stm32f4xx_hal.c.obj
 .debug_frame   0x000001ec      0x214 CMakeFiles/I2C_TEST.elf.dir/Drivers/STM32F4xx_HAL_Driver/Src/stm32f4xx_hal_cortex.c.obj
 .debug_frame   0x00000400       0xd4 CMakeFiles/I2C_TEST.elf.dir/Drivers/STM32F4xx_HAL_Driver/Src/stm32f4xx_hal_gpio.c.obj
 .debug_frame   0x000004d4      0x988 CMakeFiles/I2C_TEST.elf.dir/Drivers/STM32F4xx_HAL_Driver/Src/stm32f4xx_hal_i2c.c.obj
 .debug_frame   0x00000e5c      0x16c CMakeFiles/I2C_TEST.elf.dir/Drivers/STM32F4xx_HAL_Driver/Src/stm32f4xx_hal_rcc.c.obj
 .debug_frame   0x00000fc8       0x30 CMakeFiles/I2C_TEST.elf.dir/Src/gpio.c.obj
 .debug_frame   0x00000ff8       0x64 CMakeFiles/I2C_TEST.elf.dir/Src/i2c.c.obj
 .debug_frame   0x0000105c       0x58 CMakeFiles/I2C_TEST.elf.dir/Src/main.c.obj
 .debug_frame   0x000010b4       0x28 CMakeFiles/I2C_TEST.elf.dir/Src/stm32f4xx_hal_msp.c.obj
 .debug_frame   0x000010dc       0xa8 CMakeFiles/I2C_TEST.elf.dir/Src/stm32f4xx_it.c.obj
 .debug_frame   0x00001184       0x30 CMakeFiles/I2C_TEST.elf.dir/Src/system_stm32f4xx.c.obj
 .debug_frame   0x000011b4      0x18c CMakeFiles/I2C_TEST.elf.dir/bsp/OLED.c.obj
 .debug_frame   0x00001340       0x2c d:/tools/arm-eabi-gcc-12/sysgcc/bin/../lib/gcc/arm-none-eabi/12.3.1/thumb/v7e-m/nofp\libgcc.a(_aeabi_uldivmod.o)
 .debug_frame   0x0000136c       0x34 d:/tools/arm-eabi-gcc-12/sysgcc/bin/../lib/gcc/arm-none-eabi/12.3.1/thumb/v7e-m/nofp\libgcc.a(_udivmoddi4.o)
 .debug_frame   0x000013a0       0x2c d:/tools/arm-eabi-gcc-12/sysgcc/bin/../lib/gcc/arm-none-eabi/12.3.1/thumb/v7e-m/nofp\libg.a(libc_a-memset.o)
 .debug_frame   0x000013cc       0x2c d:/tools/arm-eabi-gcc-12/sysgcc/bin/../lib/gcc/arm-none-eabi/12.3.1/thumb/v7e-m/nofp\libg.a(libc_a-init.o)
 .debug_frame   0x000013f8       0xb0 d:/tools/arm-eabi-gcc-12/sysgcc/bin/../lib/gcc/arm-none-eabi/12.3.1/thumb/v7e-m/nofp\libg.a(libc_a-lock.o)
 .debug_frame   0x000014a8       0x5c d:/tools/arm-eabi-gcc-12/sysgcc/bin/../lib/gcc/arm-none-eabi/12.3.1/thumb/v7e-m/nofp\libg.a(libc_a-__call_atexit.o)
 .debug_frame   0x00001504       0x20 d:/tools/arm-eabi-gcc-12/sysgcc/bin/../lib/gcc/arm-none-eabi/12.3.1/thumb/v7e-m/nofp\libg.a(libc_a-atexit.o)
 .debug_frame   0x00001524       0x34 d:/tools/arm-eabi-gcc-12/sysgcc/bin/../lib/gcc/arm-none-eabi/12.3.1/thumb/v7e-m/nofp\libg.a(libc_a-fini.o)
 .debug_frame   0x00001558       0x34 d:/tools/arm-eabi-gcc-12/sysgcc/bin/../lib/gcc/arm-none-eabi/12.3.1/thumb/v7e-m/nofp\libg.a(libc_a-__atexit.o)

.debug_line_str
                0x00000000      0x148
 .debug_line_str
                0x00000000       0x76 CMakeFiles/I2C_TEST.elf.dir/Startup/startup_stm32f407ighx.s.obj
 .debug_line_str
                0x00000076       0xc6 d:/tools/arm-eabi-gcc-12/sysgcc/bin/../lib/gcc/arm-none-eabi/12.3.1/thumb/v7e-m/nofp\libgcc.a(_aeabi_uldivmod.o)
 .debug_line_str
                0x0000013c        0xc d:/tools/arm-eabi-gcc-12/sysgcc/bin/../lib/gcc/arm-none-eabi/12.3.1/thumb/v7e-m/nofp\libgcc.a(_dvmd_tls.o)
                                 0xca (size before relaxing)
